// Jest Snapshot v1, https://goo.gl/fbAQLP

exports[`render card component should render the Card component correctly 1`] = `ShallowWrapper {}`;
