// Jest Snapshot v1, https://goo.gl/fbAQLP

exports[`render error component should render the Error component correctly 1`] = `ShallowWrapper {}`;
