// Jest Snapshot v1, https://goo.gl/fbAQLP

exports[`render header component should render the Header component correctly 1`] = `ShallowWrapper {}`;
