// Jest Snapshot v1, https://goo.gl/fbAQLP

exports[`render loader component should render the Loader component correctly 1`] = `ShallowWrapper {}`;
