// Jest Snapshot v1, https://goo.gl/fbAQLP

exports[`render home should render the home correctly 1`] = `ShallowWrapper {}`;
