// Jest Snapshot v1, https://goo.gl/fbAQLP

exports[`render App  should render the App correctly 1`] = `ShallowWrapper {}`;
